20:01:11 **** Incremental Build of configuration Debug for project 002sizeof ****
make -j20 all 
arm-none-eabi-gcc "../Src/main.c" -mcpu=cortex-m4 -std=gnu11 -g3 -DDEBUG -DSTM32 -DSTM32F407G_DISC1 -DSTM32F4 -DSTM32F407VGTx -c -I../Inc -O0 -ffunction-sections -fdata-sections -Wall -fstack-usage -fcyclomatic-complexity -MMD -MP -MF"Src/main.d" -MT"Src/main.o" --specs=nano.specs -mfpu=fpv4-sp-d16 -mfloat-abi=hard -mthumb -o "Src/main.o"
../Src/main.c:23:4: warning: #warning "FPU is not initialized, but the project is compiling for an FPU. Please initialize the FPU before use." [-Wcpp]
   23 |   #warning "FPU is not initialized, but the project is compiling for an FPU. Please initialize the FPU before use."
      |    ^~~~~~~
arm-none-eabi-gcc -o "002sizeof.elf" @"objects.list"   -mcpu=cortex-m4 -T"C:\Users\arafa\Documents\udemy\Embedded_C\My_workspace\target\002sizeof\STM32F407VGTX_FLASH.ld" --specs=nosys.specs -Wl,-Map="002sizeof.map" -Wl,--gc-sections -static --specs=nano.specs -mfpu=fpv4-sp-d16 -mfloat-abi=hard -mthumb -Wl,--start-group -lc -lm -Wl,--end-group
Finished building target: 002sizeof.elf
 
arm-none-eabi-size  002sizeof.elf 
arm-none-eabi-objdump -h -S 002sizeof.elf  > "002sizeof.list"
   text	   data	    bss	    dec	    hex	filename
   5116	     92	   1900	   7108	   1bc4	002sizeof.elf
Finished building: default.size.stdout
 
Finished building: 002sizeof.list
 

20:01:12 Build Finished. 0 errors, 1 warnings. (took 948ms)

