09:44:25 **** Incremental Build of configuration Debug for project 005PA0_Read ****
make -j20 all 
arm-none-eabi-gcc "../Src/main.c" -mcpu=cortex-m4 -std=gnu11 -g3 -DDEBUG -DSTM32 -DSTM32F407G_DISC1 -DSTM32F4 -DSTM32F407VGTx -c -I../Inc -O0 -ffunction-sections -fdata-sections -Wall -fstack-usage -fcyclomatic-complexity -MMD -MP -MF"Src/main.d" -MT"Src/main.o" --specs=nano.specs -mfpu=fpv4-sp-d16 -mfloat-abi=hard -mthumb -o "Src/main.o"
arm-none-eabi-gcc -o "005PA0_Read.elf" @"objects.list"   -mcpu=cortex-m4 -T"C:\Users\arafa\Documents\udemy\Embedded_C\My_workspace\target\005PA0_Read\STM32F407VGTX_FLASH.ld" --specs=nosys.specs -Wl,-Map="005PA0_Read.map" -Wl,--gc-sections -static --specs=nano.specs -mfpu=fpv4-sp-d16 -mfloat-abi=hard -mthumb -Wl,--start-group -lc -lm -Wl,--end-group
Finished building target: 005PA0_Read.elf
 
arm-none-eabi-size  005PA0_Read.elf 
arm-none-eabi-objdump -h -S 005PA0_Read.elf  > "005PA0_Read.list"
   text	   data	    bss	    dec	    hex	filename
    800	      0	   1568	   2368	    940	005PA0_Read.elf
Finished building: default.size.stdout
 
Finished building: 005PA0_Read.list
 

09:44:26 Build Finished. 0 errors, 0 warnings. (took 896ms)

