09:23:03 **** Incremental Build of configuration Debug for project LEDToggle_Macros ****
make -j20 all 
arm-none-eabi-gcc "../Src/main.c" -mcpu=cortex-m4 -std=gnu11 -g3 -DDEBUG -DSTM32 -DSTM32F407G_DISC1 -DSTM32F4 -DSTM32F407VGTx -c -I../Inc -O0 -ffunction-sections -fdata-sections -Wall -fstack-usage -fcyclomatic-complexity -MMD -MP -MF"Src/main.d" -MT"Src/main.o" --specs=nano.specs -mfpu=fpv4-sp-d16 -mfloat-abi=hard -mthumb -o "Src/main.o"
arm-none-eabi-gcc -o "LEDToggle_Macros.elf" @"objects.list"   -mcpu=cortex-m4 -T"C:\Users\arafa\Documents\udemy\Embedded_C\My_workspace\target\LEDToggle_Macros\STM32F407VGTX_FLASH.ld" --specs=nosys.specs -Wl,-Map="LEDToggle_Macros.map" -Wl,--gc-sections -static --specs=nano.specs -mfpu=fpv4-sp-d16 -mfloat-abi=hard -mthumb -Wl,--start-group -lc -lm -Wl,--end-group
Finished building target: LEDToggle_Macros.elf
 
arm-none-eabi-size  LEDToggle_Macros.elf 
arm-none-eabi-objdump -h -S LEDToggle_Macros.elf  > "LEDToggle_Macros.list"
   text	   data	    bss	    dec	    hex	filename
    764	      0	   1568	   2332	    91c	LEDToggle_Macros.elf
Finished building: default.size.stdout
 
Finished building: LEDToggle_Macros.list
 
09:47:10 **** Incremental Build of configuration Debug for project LEDToggle_Macros ****
make -j20 all 
arm-none-eabi-size  LEDToggle_Macros.elf 
   text	   data	    bss	    dec	    hex	filename
    764	      0	   1568	   2332	    91c	LEDToggle_Macros.elf
Finished building: default.size.stdout
 
