11:29:36 **** Incremental Build of configuration Debug for project KeyPadRead ****
make -j20 all 
arm-none-eabi-gcc "../Src/main.c" -mcpu=cortex-m4 -std=gnu11 -g3 -DDEBUG -DSTM32 -DSTM32F407G_DISC1 -DSTM32F4 -DSTM32F407VGTx -c -I../Inc -O0 -ffunction-sections -fdata-sections -Wall -fstack-usage -fcyclomatic-complexity -MMD -MP -MF"Src/main.d" -MT"Src/main.o" --specs=nano.specs -mfpu=fpv4-sp-d16 -mfloat-abi=hard -mthumb -o "Src/main.o"
arm-none-eabi-gcc -o "KeyPadRead.elf" @"objects.list"   -mcpu=cortex-m4 -T"C:\Users\arafa\Documents\udemy\Embedded_C\My_workspace\target\KeyPadRead\STM32F407VGTX_FLASH.ld" --specs=nosys.specs -Wl,-Map="KeyPadRead.map" -Wl,--gc-sections -static --specs=nano.specs -mfpu=fpv4-sp-d16 -mfloat-abi=hard -mthumb -Wl,--start-group -lc -lm -Wl,--end-group
Finished building target: KeyPadRead.elf
 
arm-none-eabi-size  KeyPadRead.elf 
arm-none-eabi-objdump -h -S KeyPadRead.elf  > "KeyPadRead.list"
   text	   data	    bss	    dec	    hex	filename
   4116	     92	   1900	   6108	   17dc	KeyPadRead.elf
Finished building: default.size.stdout
 
Finished building: KeyPadRead.list
 

11:29:37 Build Finished. 0 errors, 0 warnings. (took 902ms)

